2026-10-02 21:37:17 INFO  org.testng.internal.Utils - [TestNG] Running:
  C:\Users\HP\eclipse-workspace\MySeleniumProject\testng.xml

2026-10-02 21:37:17 INFO  library.Base - *********Launching Edge Browser********
2026-10-02 21:37:51 INFO  tests.LoginTest - *********LoginSuccessTest Initiated**********
2026-10-02 21:37:52 INFO  tests.LoginTest - *********Injecting valid username**********
2026-10-02 21:37:52 INFO  tests.LoginTest - *********Injecting valid password**********
2026-10-02 21:37:53 INFO  tests.LoginTest - *********Trying to login**********
2026-10-02 21:38:09 INFO  library.Base - *********Launching Edge Browser********
2026-10-02 21:38:35 INFO  tests.LoginTest - *********LoginFailureTest Initiated**********
2026-10-02 21:38:36 INFO  tests.LoginTest - *********Injecting invalid username**********
2026-10-02 21:38:36 INFO  tests.LoginTest - *********Injecting invalid password**********
2026-10-02 21:38:36 INFO  tests.LoginTest - *********Trying to login**********
2026-10-02 21:38:36 INFO  tests.LoginTest - *********Error Msg Appeared**********
2026-10-02 21:38:50 INFO  library.Base - *********Launching Edge Browser********
2026-10-02 21:39:09 INFO  tests.ProductDetailTest - *********Logging to App**********
2026-10-02 21:39:11 INFO  tests.ProductDetailTest - *********productdetailPageNavigationTest Initiated**********
2026-10-02 21:39:11 INFO  tests.ProductDetailTest - *********Clicking on a product from Homepage**********
2026-10-02 21:39:17 INFO  tests.ProductDetailTest - *********Navigating to PDP page**********
2026-10-02 21:39:17 INFO  tests.ProductDetailTest - *********Verifying product Name on PDP page**********
2026-10-02 21:39:18 INFO  tests.ProductDetailTest - *********pdp_attributeTest Initiated**********
2026-10-02 21:39:18 INFO  tests.ProductDetailTest - *********Verifying product price**********
2026-10-02 21:39:19 INFO  tests.ProductDetailTest - *********Verifying product description**********
2026-10-02 21:39:19 INFO  tests.ProductDetailTest - *********Verifying cart button**********
2026-10-02 21:39:21 INFO  library.Base - *********Launching Edge Browser********
2026-10-02 21:39:33 INFO  tests.AddToCartTest - *********Logging to App**********
2026-10-02 21:39:38 INFO  tests.AddToCartTest - *********Clicking on a product from Homepage**********
2026-10-02 21:39:39 INFO  tests.AddToCartTest - *********Navigating to PDP page**********
2026-10-02 21:39:39 INFO  tests.AddToCartTest - *********addProductToCartTest Initiated**********
2026-10-02 21:39:39 INFO  tests.AddToCartTest - *********Clicking on Add to cart button**********
2026-10-02 21:39:41 INFO  tests.AddToCartTest - *********Verifying alert message**********
2026-10-02 21:39:41 INFO  tests.AddToCartTest - *********checkCartTest Initiated**********
2026-10-02 21:39:41 INFO  tests.AddToCartTest - *********Clicking on cart link**********
2026-10-02 21:39:42 INFO  tests.AddToCartTest - *********Navigating to cart page**********
2026-10-02 21:39:42 INFO  tests.AddToCartTest - *********Verifying product in cart**********
2026-10-02 21:39:47 INFO  library.Base - *********Launching Edge Browser********
2026-10-02 21:40:09 INFO  tests.OrderPlacementTest - *********Logging to App**********
2026-10-02 21:40:13 INFO  tests.OrderPlacementTest - *********Clicking on a product from Homepage**********
2026-10-02 21:40:14 INFO  tests.OrderPlacementTest - *********Navigating to PDP page**********
2026-10-02 21:40:14 INFO  tests.OrderPlacementTest - *********Clicking on Add to cart button**********
2026-10-02 21:40:15 INFO  tests.OrderPlacementTest - *********Accepting alert**********
2026-10-02 21:40:17 INFO  tests.OrderPlacementTest - *********Clicking on cart link**********
2026-10-02 21:40:22 INFO  tests.OrderPlacementTest - *********Navigating to cart page**********
2026-10-02 21:40:22 INFO  tests.OrderPlacementTest - *********placeOrderTest Initiated**********
2026-10-02 21:40:22 INFO  tests.OrderPlacementTest - *********Clicking on place order button**********
2026-10-02 21:40:22 INFO  tests.OrderPlacementTest - *********Customer detail page displayed**********
2026-10-02 21:40:23 INFO  tests.OrderPlacementTest - *********Entering customer Name**********
2026-10-02 21:40:23 INFO  tests.OrderPlacementTest - *********Entering customer Country**********
2026-10-02 21:40:23 INFO  tests.OrderPlacementTest - *********Entering customer City**********
2026-10-02 21:40:23 INFO  tests.OrderPlacementTest - *********Entering Card Number**********
2026-10-02 21:40:23 INFO  tests.OrderPlacementTest - *********Entering Card Expiry Month**********
2026-10-02 21:40:24 INFO  tests.OrderPlacementTest - *********Entering Card Expiry Year**********
2026-10-02 21:40:24 INFO  tests.OrderPlacementTest - *********Clicking on Purchase Button**********
2026-10-02 21:40:24 INFO  tests.OrderPlacementTest - *********Verifying Order Confirmation Message**********
2026-10-02 21:44:00 INFO  org.testng.internal.Utils - [TestNG] Running:
  C:\Users\HP\eclipse-workspace\MySeleniumProject\testng.xml

2026-10-02 21:44:00 INFO  library.Base - *********Launching Edge Browser********
2026-10-02 21:44:01 INFO  library.Base - *********Launching Edge Browser********
2026-10-02 21:44:45 INFO  tests.OrderPlacementTest - *********Logging to App**********
2026-10-02 21:44:45 INFO  tests.AddToCartTest - *********Logging to App**********
2026-10-02 21:44:48 INFO  library.Base - *********Launching Edge Browser********
2026-10-02 21:44:51 INFO  tests.AddToCartTest - *********Clicking on a product from Homepage**********
2026-10-02 21:44:54 INFO  tests.AddToCartTest - *********Navigating to PDP page**********
2026-10-02 21:44:54 INFO  tests.AddToCartTest - *********addProductToCartTest Initiated**********
2026-10-02 21:44:54 INFO  tests.AddToCartTest - *********Clicking on Add to cart button**********
2026-10-02 21:44:56 INFO  tests.AddToCartTest - *********Verifying alert message**********
2026-10-02 21:44:56 INFO  tests.AddToCartTest - *********checkCartTest Initiated**********
2026-10-02 21:44:56 INFO  tests.AddToCartTest - *********Clicking on cart link**********
2026-10-02 21:44:58 INFO  tests.AddToCartTest - *********Navigating to cart page**********
2026-10-02 21:44:59 INFO  tests.AddToCartTest - *********Verifying product in cart**********
2026-10-02 21:45:00 INFO  library.Base - *********Launching Edge Browser********
2026-10-02 21:45:23 INFO  tests.ProductDetailTest - *********Logging to App**********
2026-10-02 21:45:29 INFO  tests.ProductDetailTest - *********productdetailPageNavigationTest Initiated**********
2026-10-02 21:45:29 INFO  tests.ProductDetailTest - *********Clicking on a product from Homepage**********
2026-10-02 21:45:42 INFO  tests.ProductDetailTest - *********Navigating to PDP page**********
2026-10-02 21:45:42 INFO  tests.ProductDetailTest - *********Verifying product Name on PDP page**********
2026-10-02 21:45:56 INFO  tests.LoginTest - *********LoginSuccessTest Initiated**********
2026-10-02 21:45:57 INFO  tests.LoginTest - *********Injecting valid username**********
2026-10-02 21:45:58 INFO  tests.LoginTest - *********Injecting valid password**********
2026-10-02 21:45:58 INFO  tests.LoginTest - *********Trying to login**********
2026-10-02 21:46:28 INFO  library.Base - *********Launching Edge Browser********
2026-10-02 21:46:56 INFO  tests.LoginTest - *********LoginFailureTest Initiated**********
2026-10-02 21:46:56 INFO  tests.LoginTest - *********Injecting invalid username**********
2026-10-02 21:46:56 INFO  tests.LoginTest - *********Injecting invalid password**********
2026-10-02 21:46:56 INFO  tests.LoginTest - *********Trying to login**********
2026-10-02 21:46:56 INFO  tests.LoginTest - *********Error Msg Appeared**********
2026-10-02 22:04:22 INFO  org.testng.internal.Utils - [TestNG] Running:
  C:\Users\HP\eclipse-workspace\MySeleniumProject\testng.xml

2026-10-02 22:04:22 INFO  library.Base - *********Launching Edge Browser********
2026-10-02 22:04:24 INFO  library.Base - *********Launching Edge Browser********
2026-10-02 22:04:54 INFO  tests.OrderPlacementTest - *********Logging to App**********
2026-10-02 22:04:56 INFO  tests.AddToCartTest - *********Logging to App**********
2026-10-02 22:05:01 INFO  tests.OrderPlacementTest - *********Clicking on a product from Homepage**********
2026-10-02 22:05:01 INFO  tests.AddToCartTest - *********Clicking on a product from Homepage**********
2026-10-02 22:05:02 INFO  tests.OrderPlacementTest - *********Navigating to PDP page**********
2026-10-02 22:05:02 INFO  tests.OrderPlacementTest - *********Clicking on Add to cart button**********
2026-10-02 22:05:04 INFO  tests.OrderPlacementTest - *********Accepting alert**********
2026-10-02 22:05:04 INFO  tests.AddToCartTest - *********Navigating to PDP page**********
2026-10-02 22:05:04 INFO  tests.AddToCartTest - *********addProductToCartTest Initiated**********
2026-10-02 22:05:04 INFO  tests.AddToCartTest - *********Clicking on Add to cart button**********
2026-10-02 22:05:05 INFO  tests.OrderPlacementTest - *********Clicking on cart link**********
2026-10-02 22:05:07 INFO  tests.AddToCartTest - *********Verifying alert message**********
2026-10-02 22:05:07 INFO  tests.AddToCartTest - *********checkCartTest Initiated**********
2026-10-02 22:05:07 INFO  tests.AddToCartTest - *********Clicking on cart link**********
2026-10-02 22:05:08 INFO  tests.AddToCartTest - *********Navigating to cart page**********
2026-10-02 22:05:08 INFO  tests.AddToCartTest - *********Verifying product in cart**********
2026-10-02 22:05:10 INFO  tests.OrderPlacementTest - *********Navigating to cart page**********
2026-10-02 22:05:10 INFO  tests.OrderPlacementTest - *********placeOrderTest Initiated**********
2026-10-02 22:05:10 INFO  tests.OrderPlacementTest - *********Clicking on place order button**********
2026-10-02 22:05:10 INFO  tests.OrderPlacementTest - *********Customer detail page displayed**********
2026-10-02 22:05:11 INFO  tests.OrderPlacementTest - *********Entering customer Name**********
2026-10-02 22:05:11 INFO  tests.OrderPlacementTest - *********Entering customer Country**********
2026-10-02 22:05:11 INFO  tests.OrderPlacementTest - *********Entering customer City**********
2026-10-02 22:05:11 INFO  tests.OrderPlacementTest - *********Entering Card Number**********
2026-10-02 22:05:12 INFO  tests.OrderPlacementTest - *********Entering Card Expiry Month**********
2026-10-02 22:05:12 INFO  tests.OrderPlacementTest - *********Entering Card Expiry Year**********
2026-10-02 22:05:12 INFO  tests.OrderPlacementTest - *********Clicking on Purchase Button**********
2026-10-02 22:05:13 INFO  tests.OrderPlacementTest - *********Verifying Order Confirmation Message**********
2026-10-02 22:05:18 INFO  library.Base - *********Launching Edge Browser********
2026-10-02 22:05:21 INFO  library.Base - *********Launching Edge Browser********
2026-10-02 22:05:43 INFO  tests.ProductDetailTest - *********Logging to App**********
2026-10-02 22:05:44 INFO  tests.LoginTest - *********LoginSuccessTest Initiated**********
2026-10-02 22:05:44 INFO  tests.ProductDetailTest - *********productdetailPageNavigationTest Initiated**********
2026-10-02 22:05:44 INFO  tests.ProductDetailTest - *********Clicking on a product from Homepage**********
2026-10-02 22:05:44 INFO  tests.LoginTest - *********Injecting valid username**********
2026-10-02 22:05:45 INFO  tests.LoginTest - *********Injecting valid password**********
2026-10-02 22:05:45 INFO  tests.LoginTest - *********Trying to login**********
2026-10-02 22:05:46 ERROR tests.ProductDetailTest - productdetailPageNavigationTest FAILED: UnhandledAlertException FOUND => unexpected alert open: {Alert text : Wrong password.}
2026-10-02 22:05:52 INFO  library.Base - *********Launching Edge Browser********
2026-10-02 22:06:04 INFO  tests.LoginTest - *********LoginFailureTest Initiated**********
2026-10-02 22:06:05 INFO  tests.LoginTest - *********Injecting invalid username**********
2026-10-02 22:06:05 INFO  tests.LoginTest - *********Injecting invalid password**********
2026-10-02 22:06:05 INFO  tests.LoginTest - *********Trying to login**********
2026-10-02 22:06:05 INFO  tests.LoginTest - *********Error Msg Appeared**********
2026-10-02 22:08:19 INFO  org.testng.internal.Utils - [TestNG] Running:
  C:\Users\HP\eclipse-workspace\MySeleniumProject\testng.xml

2026-10-02 22:08:19 INFO  library.Base - *********Launching Edge Browser********
2026-10-02 22:08:21 INFO  library.Base - *********Launching Edge Browser********
2026-10-02 22:08:40 INFO  tests.OrderPlacementTest - *********Logging to App**********
2026-10-02 22:08:41 INFO  tests.AddToCartTest - *********Logging to App**********
2026-10-02 22:08:45 INFO  tests.OrderPlacementTest - *********Clicking on a product from Homepage**********
2026-10-02 22:08:46 INFO  tests.AddToCartTest - *********Clicking on a product from Homepage**********
2026-10-02 22:08:47 INFO  tests.OrderPlacementTest - *********Navigating to PDP page**********
2026-10-02 22:08:47 INFO  tests.OrderPlacementTest - *********Clicking on Add to cart button**********
2026-10-02 22:08:47 INFO  tests.AddToCartTest - *********Navigating to PDP page**********
2026-10-02 22:08:47 INFO  tests.AddToCartTest - *********addProductToCartTest Initiated**********
2026-10-02 22:08:47 INFO  tests.AddToCartTest - *********Clicking on Add to cart button**********
2026-10-02 22:08:48 INFO  tests.OrderPlacementTest - *********Accepting alert**********
2026-10-02 22:08:49 INFO  tests.OrderPlacementTest - *********Clicking on cart link**********
2026-10-02 22:08:49 INFO  tests.AddToCartTest - *********Verifying alert message**********
2026-10-02 22:08:49 INFO  tests.AddToCartTest - *********checkCartTest Initiated**********
2026-10-02 22:08:49 INFO  tests.AddToCartTest - *********Clicking on cart link**********
2026-10-02 22:08:52 INFO  tests.AddToCartTest - *********Navigating to cart page**********
2026-10-02 22:08:53 INFO  tests.AddToCartTest - *********Verifying product in cart**********
2026-10-02 22:08:55 INFO  tests.OrderPlacementTest - *********Navigating to cart page**********
2026-10-02 22:08:55 INFO  tests.OrderPlacementTest - *********placeOrderTest Initiated**********
2026-10-02 22:08:55 INFO  tests.OrderPlacementTest - *********Clicking on place order button**********
2026-10-02 22:08:56 INFO  tests.OrderPlacementTest - *********Customer detail page displayed**********
2026-10-02 22:08:57 INFO  tests.OrderPlacementTest - *********Entering customer Name**********
2026-10-02 22:08:58 INFO  tests.OrderPlacementTest - *********Entering customer Country**********
2026-10-02 22:08:59 INFO  tests.OrderPlacementTest - *********Entering customer City**********
2026-10-02 22:08:59 INFO  tests.OrderPlacementTest - *********Entering Card Number**********
2026-10-02 22:08:59 INFO  tests.OrderPlacementTest - *********Entering Card Expiry Month**********
2026-10-02 22:09:00 INFO  tests.OrderPlacementTest - *********Entering Card Expiry Year**********
2026-10-02 22:09:00 INFO  tests.OrderPlacementTest - *********Clicking on Purchase Button**********
2026-10-02 22:09:01 INFO  tests.OrderPlacementTest - *********Verifying Order Confirmation Message**********
2026-10-02 22:09:04 INFO  library.Base - *********Launching Edge Browser********
2026-10-02 22:09:07 INFO  library.Base - *********Launching Edge Browser********
2026-10-02 22:09:23 INFO  tests.LoginTest - *********LoginSuccessTest Initiated**********
2026-10-02 22:09:24 INFO  tests.ProductDetailTest - *********Logging to App**********
2026-10-02 22:09:24 INFO  tests.LoginTest - *********Injecting valid username**********
2026-10-02 22:09:25 INFO  tests.LoginTest - *********Injecting valid password**********
2026-10-02 22:09:25 INFO  tests.LoginTest - *********Trying to login**********
2026-10-02 22:09:25 INFO  tests.ProductDetailTest - *********productdetailPageNavigationTest Initiated**********
2026-10-02 22:09:25 INFO  tests.ProductDetailTest - *********Clicking on a product from Homepage**********
2026-10-02 22:09:30 INFO  library.Base - *********Launching Edge Browser********
2026-10-02 22:09:36 INFO  tests.ProductDetailTest - *********Navigating to PDP page**********
2026-10-02 22:09:36 INFO  tests.ProductDetailTest - *********Verifying product Name on PDP page**********
2026-10-02 22:09:38 INFO  tests.ProductDetailTest - *********pdp_attributeTest Initiated**********
2026-10-02 22:09:38 INFO  tests.ProductDetailTest - *********Verifying product price**********
2026-10-02 22:09:39 INFO  tests.ProductDetailTest - *********Verifying product description**********
2026-10-02 22:09:39 INFO  tests.ProductDetailTest - *********Verifying cart button**********
2026-10-02 22:09:42 INFO  tests.LoginTest - *********LoginFailureTest Initiated**********
2026-10-02 22:09:43 INFO  tests.LoginTest - *********Injecting invalid username**********
2026-10-02 22:09:43 INFO  tests.LoginTest - *********Injecting invalid password**********
2026-10-02 22:09:44 INFO  tests.LoginTest - *********Trying to login**********
2026-10-02 22:09:44 INFO  tests.LoginTest - *********Error Msg Appeared**********
